core_cm3.h:1511:22:__NVIC_EnableIRQ	16	static
core_cm3.h:1639:22:__NVIC_SetPriority	16	static
main.c:13:6:init_gpio	4	static
main.c:27:6:delay	24	static
main.c:32:6:init_interrupt	8	static
main.c:51:6:EXTI0_IRQHandler	8	static
main.c:73:6:EXTI1_IRQHandler	8	static
main.c:95:6:EXTI2_IRQHandler	8	static
main.c:118:6:initClk	4	static
main.c:158:6:init_UART2	4	static
main.c:175:6:TxStr	32	static
main.c:188:9:position	16	static
main.c:200:6:ExecuteCommand	8	static
main.c:214:5:main	8	static
